BL51 BANKED LINKER/LOCATER V6.22.4.0                                                    11/19/2024  15:06:54  PAGE 1


BL51 BANKED LINKER/LOCATER V6.22.4.0, INVOKED BY:
C:\KEIL_V5\C51\BIN\BL51.EXE .\Objects\STARTUP.obj, .\Objects\16_bit_addition.obj TO .\Objects\sample_proj PRINT (.\Listi
>> ngs\sample_proj.m51)


MEMORY MODEL: SMALL


INPUT MODULES INCLUDED:
  .\Objects\STARTUP.obj (?C_STARTUP)
  .\Objects\16_bit_addition.obj (16_BIT_ADDITION)


LINK MAP OF MODULE:  .\Objects\sample_proj (?C_STARTUP)


            TYPE    BASE      LENGTH    RELOCATION   SEGMENT NAME
            -----------------------------------------------------

            * * * * * * *   D A T A   M E M O R Y   * * * * * * *
            REG     0000H     0008H     ABSOLUTE     "REG BANK 0"
            DATA    0008H     0004H     UNIT         _DATA_GROUP_
            IDATA   000CH     0001H     UNIT         ?STACK

            * * * * * * *   C O D E   M E M O R Y   * * * * * * *
            CODE    0000H     0003H     ABSOLUTE     
                    0003H     07FDH                  *** GAP ***
            CODE    0800H     0031H     UNIT         ?PR?_DELAY?16_BIT_ADDITION
            CODE    0831H     001BH     UNIT         ?PR?MAIN?16_BIT_ADDITION
            CODE    084CH     000CH     UNIT         ?C_C51STARTUP



OVERLAY MAP OF MODULE:   .\Objects\sample_proj (?C_STARTUP)


SEGMENT                              DATA_GROUP 
  +--> CALLED SEGMENT              START    LENGTH
--------------------------------------------------
?C_C51STARTUP                      -----    -----
  +--> ?PR?MAIN?16_BIT_ADDITION

?PR?MAIN?16_BIT_ADDITION           0008H    0002H
  +--> ?PR?_DELAY?16_BIT_ADDITION

?PR?_DELAY?16_BIT_ADDITION         000AH    0002H



SYMBOL TABLE OF MODULE:  .\Objects\sample_proj (?C_STARTUP)

  VALUE           TYPE          NAME
  ----------------------------------

  -------         MODULE        ?C_STARTUP
  C:084CH         SEGMENT       ?C_C51STARTUP
  I:000CH         SEGMENT       ?STACK
  C:0000H         PUBLIC        ?C_STARTUP
BL51 BANKED LINKER/LOCATER V6.22.4.0                                                  11/19/2024  15:06:54  PAGE 2


  D:00E0H         SYMBOL        ACC
  D:00F0H         SYMBOL        B
  D:0083H         SYMBOL        DPH
  D:0082H         SYMBOL        DPL
  N:0000H         SYMBOL        IBPSTACK
  N:0100H         SYMBOL        IBPSTACKTOP
  N:0080H         SYMBOL        IDATALEN
  C:084FH         SYMBOL        IDATALOOP
  N:0000H         SYMBOL        PBPSTACK
  N:0100H         SYMBOL        PBPSTACKTOP
  N:0000H         SYMBOL        PDATALEN
  N:0000H         SYMBOL        PDATASTART
  N:0000H         SYMBOL        PPAGE
  N:0000H         SYMBOL        PPAGEENABLE
  D:00A0H         SYMBOL        PPAGE_SFR
  D:0081H         SYMBOL        SP
  C:084CH         SYMBOL        STARTUP1
  N:0000H         SYMBOL        XBPSTACK
  N:0000H         SYMBOL        XBPSTACKTOP
  N:0000H         SYMBOL        XDATALEN
  N:0000H         SYMBOL        XDATASTART
  C:0000H         LINE#         126
  C:084CH         LINE#         133
  C:084EH         LINE#         134
  C:084FH         LINE#         135
  C:0850H         LINE#         136
  C:0852H         LINE#         185
  C:0855H         LINE#         196
  -------         ENDMOD        ?C_STARTUP

  -------         MODULE        16_BIT_ADDITION
  C:0000H         SYMBOL        _ICE_DUMMY_
  D:0090H         PUBLIC        P1
  D:00A0H         PUBLIC        P2
  C:0800H         PUBLIC        _delay
  C:0831H         PUBLIC        main
  D:0089H         PUBLIC        TMOD
  B:0088H.5       PUBLIC        TF0
  D:008CH         PUBLIC        TH0
  D:008AH         PUBLIC        TL0
  B:0088H.4       PUBLIC        TR0
  B:00A0H.5       PUBLIC        b
  -------         PROC          MAIN
  -------         DO            
  D:0008H         SYMBOL        x
  -------         ENDDO         
  C:0831H         LINE#         7
  C:0831H         LINE#         8
  C:0838H         LINE#         9
  C:0838H         LINE#         10
  C:083AH         LINE#         11
  C:0841H         LINE#         12
  C:0843H         LINE#         13
  C:084AH         LINE#         14
  -------         ENDPROC       MAIN
  -------         PROC          _DELAY
  D:0006H         SYMBOL        opt
BL51 BANKED LINKER/LOCATER V6.22.4.0                                                  11/19/2024  15:06:54  PAGE 3


  -------         DO            
  D:000AH         SYMBOL        i
  -------         ENDDO         
  C:0800H         LINE#         17
  C:0800H         LINE#         21
  C:0806H         LINE#         22
  C:0809H         LINE#         23
  C:080CH         LINE#         24
  C:080FH         LINE#         25
  C:0811H         LINE#         27
  C:0814H         LINE#         28
  C:0816H         LINE#         29
  C:0818H         LINE#         30
  C:0818H         LINE#         34
  C:081EH         LINE#         35
  C:0821H         LINE#         36
  C:0824H         LINE#         37
  C:0827H         LINE#         38
  C:0829H         LINE#         40
  C:082CH         LINE#         41
  C:082EH         LINE#         42
  C:0830H         LINE#         43
  C:0830H         LINE#         44
  -------         ENDPROC       _DELAY
  -------         ENDMOD        16_BIT_ADDITION

******************************************************************************
* RESTRICTED VERSION WITH 0800H BYTE CODE SIZE LIMIT; USED: 005BH BYTE ( 4%) *
******************************************************************************

Program Size: data=13.0 xdata=0 code=91
LINK/LOCATE RUN COMPLETE.  0 WARNING(S),  0 ERROR(S)
